******************************************************************************
                  TI ARM Linker PC v20.2.7                     
******************************************************************************
>> Linked Tue May 14 19:02:13 2024

OUTPUT FILE NAME:   <IO_STRUCT_V2_Laura.out>
ENTRY POINT SYMBOL: "_c_int00_noargs"  address: 00000909


MEMORY CONFIGURATION

         name            origin    length      used     unused   attr    fill
----------------------  --------  ---------  --------  --------  ----  --------
  MAIN                  00000000   00040000  000009a8  0003f658  R  X
  INFO                  00200000   00004000  00000000  00004000  R  X
  SRAM_CODE             01000000   00010000  00000204  0000fdfc  RW X
  SRAM_DATA             20000000   00010000  00000204  0000fdfc  RW  


SEGMENT ALLOCATION MAP

run origin  load origin   length   init length attrs members
----------  ----------- ---------- ----------- ----- -------
00000000    00000000    000009a8   000009a8    r-x
  00000000    00000000    000000e4   000000e4    r-- .intvecs
  000000e4    000000e4    0000087c   0000087c    r-x .text
  00000960    00000960    00000030   00000030    r-- .const
  00000990    00000990    00000018   00000018    r-- .cinit
20000000    20000000    00000004   00000000    rw-
  20000000    20000000    00000004   00000000    rw- .data
2000fe00    2000fe00    00000200   00000000    rw-
  2000fe00    2000fe00    00000200   00000000    rw- .stack


SECTION ALLOCATION MAP

 output                                  attributes/
section   page    origin      length       input sections
--------  ----  ----------  ----------   ----------------
.intvecs   0    00000000    000000e4     
                  00000000    000000e4     startup_msp432p401r_ccs.obj (.intvecs:retain)

.text      0    000000e4    0000087c     
                  000000e4    00000334     system_msp432p401r.obj (.text)
                  00000418    00000240     gpio_2021.obj (.text)
                  00000658    00000168     main.obj (.text)
                  000007c0    0000009c     rtsv7M4_T_le_v4SPD16_eabi.lib : memcpy_t2.asm.obj (.text)
                  0000085c    00000068                                   : copy_decompress_lzss.c.obj (.text:decompress:lzss:__TI_decompress_lzss)
                  000008c4    00000044                                   : autoinit.c.obj (.text:__TI_auto_init_nobinit_nopinit:__TI_auto_init_nobinit_nopinit)
                  00000908    00000034                                   : boot_cortex_m.c.obj (.text:_c_int00_noargs:_c_int00_noargs)
                  0000093c    0000000e                                   : copy_decompress_none.c.obj (.text:decompress:none:__TI_decompress_none)
                  0000094a    0000000e     startup_msp432p401r_ccs.obj (.text)
                  00000958    00000004     rtsv7M4_T_le_v4SPD16_eabi.lib : pre_init.c.obj (.text:_system_pre_init)
                  0000095c    00000004                                   : exit.c.obj (.text:abort:abort)

.const     0    00000960    00000030     
                  00000960    00000030     gpio_2021.obj (.const:GPIO_PORT_TO_BASE)

.cinit     0    00000990    00000018     
                  00000990    00000008     (.cinit..data.load) [load image, compression = lzss]
                  00000998    00000008     (__TI_handler_table)
                  000009a0    00000008     (__TI_cinit_table)

.init_array 
*          0    00000000    00000000     UNINITIALIZED

.binit     0    00000000    00000000     

.data      0    20000000    00000004     UNINITIALIZED
                  20000000    00000004     system_msp432p401r.obj (.data)

.stack     0    2000fe00    00000200     UNINITIALIZED
                  2000fe00    00000004     rtsv7M4_T_le_v4SPD16_eabi.lib : boot_cortex_m.c.obj (.stack)
                  2000fe04    000001fc     --HOLE--

__llvm_prf_cnts 
*          0    20000000    00000000     UNINITIALIZED

MODULE SUMMARY

       Module                        code   ro data   rw data
       ------                        ----   -------   -------
    .\
       system_msp432p401r.obj        820    0         8      
       main.obj                      360    0         0      
       startup_msp432p401r_ccs.obj   14     228       0      
    +--+-----------------------------+------+---------+---------+
       Total:                        1194   228       8      
                                                             
    .\DRIVERS\
       gpio_2021.obj                 576    48        0      
    +--+-----------------------------+------+---------+---------+
       Total:                        576    48        0      
                                                             
    C:\ti\ccs1260\ccs\tools\compiler\ti-cgt-arm_20.2.7.LTS\lib\rtsv7M4_T_le_v4SPD16_eabi.lib
       memcpy_t2.asm.obj             156    0         0      
       copy_decompress_lzss.c.obj    104    0         0      
       autoinit.c.obj                68     0         0      
       boot_cortex_m.c.obj           52     0         0      
       copy_decompress_none.c.obj    14     0         0      
       exit.c.obj                    4      0         0      
       pre_init.c.obj                4      0         0      
    +--+-----------------------------+------+---------+---------+
       Total:                        402    0         0      
                                                             
       Stack:                        0      0         1024   
       Linker Generated:             0      24        0      
    +--+-----------------------------+------+---------+---------+
       Grand Total:                  2172   300       1032   


LINKER GENERATED COPY TABLES

__TI_cinit_table @ 000009a0 records: 1, size/record: 8, table size: 8
	.data: load addr=00000990, load size=00000008 bytes, run addr=20000000, run size=00000004 bytes, compression=lzss


LINKER GENERATED HANDLER TABLE

__TI_handler_table @ 00000998 records: 2, size/record: 4, table size: 8
	index: 0, handler: __TI_decompress_lzss
	index: 1, handler: __TI_decompress_none


GLOBAL SYMBOLS: SORTED ALPHABETICALLY BY Name 

address   name                          
-------   ----                          
00000957  ADC14_IRQHandler              
00000957  AES256_IRQHandler             
00000957  BusFault_Handler              
0000095d  C$$EXIT                       
00000957  COMP_E0_IRQHandler            
00000957  COMP_E1_IRQHandler            
00000957  CS_IRQHandler                 
00000957  DMA_ERR_IRQHandler            
00000957  DMA_INT0_IRQHandler           
00000957  DMA_INT1_IRQHandler           
00000957  DMA_INT2_IRQHandler           
00000957  DMA_INT3_IRQHandler           
00000957  DebugMon_Handler              
00000957  Default_Handler               
00000957  EUSCIA0_IRQHandler            
00000957  EUSCIA1_IRQHandler            
00000957  EUSCIA2_IRQHandler            
00000957  EUSCIA3_IRQHandler            
00000957  EUSCIB0_IRQHandler            
00000957  EUSCIB1_IRQHandler            
00000957  EUSCIB2_IRQHandler            
00000957  EUSCIB3_IRQHandler            
00000957  FLCTL_IRQHandler              
00000957  FPU_IRQHandler                
00000601  GPIO_getPinValor              
000005c1  GPIO_setPinAlto               
00000581  GPIO_setPinBajo               
000004f1  GPIO_setPinEntradaconPullUp   
00000489  GPIO_setPinSalida             
00000437  Gpio_Pin_in                   
00000455  Gpio_init2021                 
00000957  HardFault_Handler             
00000419  In_Port2                      
00000957  MemManage_Handler             
00000957  NMI_Handler                   
00000957  PCM_IRQHandler                
00000957  PORT1_IRQHandler              
00000957  PORT2_IRQHandler              
00000957  PORT3_IRQHandler              
00000957  PORT4_IRQHandler              
00000957  PORT5_IRQHandler              
00000957  PORT6_IRQHandler              
00000957  PSS_IRQHandler                
00000957  PendSV_Handler                
00000957  RTC_C_IRQHandler              
0000094b  Reset_Handler                 
00000957  SVC_Handler                   
00000957  SysTick_Handler               
20000000  SystemCoreClock               
000000e5  SystemCoreClockUpdate         
0000035d  SystemInit                    
00000957  T32_INT1_IRQHandler           
00000957  T32_INT2_IRQHandler           
00000957  T32_INTC_IRQHandler           
00000957  TA0_0_IRQHandler              
00000957  TA0_N_IRQHandler              
00000957  TA1_0_IRQHandler              
00000957  TA1_N_IRQHandler              
00000957  TA2_0_IRQHandler              
00000957  TA2_N_IRQHandler              
00000957  TA3_0_IRQHandler              
00000957  TA3_N_IRQHandler              
00000957  UsageFault_Handler            
4000480c  WDTCTL_SYM                    
00000957  WDT_A_IRQHandler              
20010000  __STACK_END                   
00000200  __STACK_SIZE                  
000009a0  __TI_CINIT_Base               
000009a8  __TI_CINIT_Limit              
00000998  __TI_Handler_Table_Base       
000009a0  __TI_Handler_Table_Limit      
000008c5  __TI_auto_init_nobinit_nopinit
0000085d  __TI_decompress_lzss          
0000093d  __TI_decompress_none          
ffffffff  __TI_pprof_out_hndl           
ffffffff  __TI_prof_data_size           
ffffffff  __TI_prof_data_start          
00000000  __TI_static_base__            
000007c1  __aeabi_memcpy                
000007c1  __aeabi_memcpy4               
000007c1  __aeabi_memcpy8               
ffffffff  __binit__                     
ffffffff  __c_args__                    
UNDEFED   __mpu_init                    
2000fe00  __stack                       
20000000  __start___llvm_prf_cnts       
20000000  __stop___llvm_prf_cnts        
00000909  _c_int00_noargs               
UNDEFED   _system_post_cinit            
00000959  _system_pre_init              
0000095d  abort                         
ffffffff  binit                         
00000000  interruptVectors              
00000659  main                          
000007c1  memcpy                        


GLOBAL SYMBOLS: SORTED BY Symbol Address 

address   name                          
-------   ----                          
00000000  __TI_static_base__            
00000000  interruptVectors              
000000e5  SystemCoreClockUpdate         
00000200  __STACK_SIZE                  
0000035d  SystemInit                    
00000419  In_Port2                      
00000437  Gpio_Pin_in                   
00000455  Gpio_init2021                 
00000489  GPIO_setPinSalida             
000004f1  GPIO_setPinEntradaconPullUp   
00000581  GPIO_setPinBajo               
000005c1  GPIO_setPinAlto               
00000601  GPIO_getPinValor              
00000659  main                          
000007c1  __aeabi_memcpy                
000007c1  __aeabi_memcpy4               
000007c1  __aeabi_memcpy8               
000007c1  memcpy                        
0000085d  __TI_decompress_lzss          
000008c5  __TI_auto_init_nobinit_nopinit
00000909  _c_int00_noargs               
0000093d  __TI_decompress_none          
0000094b  Reset_Handler                 
00000957  ADC14_IRQHandler              
00000957  AES256_IRQHandler             
00000957  BusFault_Handler              
00000957  COMP_E0_IRQHandler            
00000957  COMP_E1_IRQHandler            
00000957  CS_IRQHandler                 
00000957  DMA_ERR_IRQHandler            
00000957  DMA_INT0_IRQHandler           
00000957  DMA_INT1_IRQHandler           
00000957  DMA_INT2_IRQHandler           
00000957  DMA_INT3_IRQHandler           
00000957  DebugMon_Handler              
00000957  Default_Handler               
00000957  EUSCIA0_IRQHandler            
00000957  EUSCIA1_IRQHandler            
00000957  EUSCIA2_IRQHandler            
00000957  EUSCIA3_IRQHandler            
00000957  EUSCIB0_IRQHandler            
00000957  EUSCIB1_IRQHandler            
00000957  EUSCIB2_IRQHandler            
00000957  EUSCIB3_IRQHandler            
00000957  FLCTL_IRQHandler              
00000957  FPU_IRQHandler                
00000957  HardFault_Handler             
00000957  MemManage_Handler             
00000957  NMI_Handler                   
00000957  PCM_IRQHandler                
00000957  PORT1_IRQHandler              
00000957  PORT2_IRQHandler              
00000957  PORT3_IRQHandler              
00000957  PORT4_IRQHandler              
00000957  PORT5_IRQHandler              
00000957  PORT6_IRQHandler              
00000957  PSS_IRQHandler                
00000957  PendSV_Handler                
00000957  RTC_C_IRQHandler              
00000957  SVC_Handler                   
00000957  SysTick_Handler               
00000957  T32_INT1_IRQHandler           
00000957  T32_INT2_IRQHandler           
00000957  T32_INTC_IRQHandler           
00000957  TA0_0_IRQHandler              
00000957  TA0_N_IRQHandler              
00000957  TA1_0_IRQHandler              
00000957  TA1_N_IRQHandler              
00000957  TA2_0_IRQHandler              
00000957  TA2_N_IRQHandler              
00000957  TA3_0_IRQHandler              
00000957  TA3_N_IRQHandler              
00000957  UsageFault_Handler            
00000957  WDT_A_IRQHandler              
00000959  _system_pre_init              
0000095d  C$$EXIT                       
0000095d  abort                         
00000998  __TI_Handler_Table_Base       
000009a0  __TI_CINIT_Base               
000009a0  __TI_Handler_Table_Limit      
000009a8  __TI_CINIT_Limit              
20000000  SystemCoreClock               
20000000  __start___llvm_prf_cnts       
20000000  __stop___llvm_prf_cnts        
2000fe00  __stack                       
20010000  __STACK_END                   
4000480c  WDTCTL_SYM                    
ffffffff  __TI_pprof_out_hndl           
ffffffff  __TI_prof_data_size           
ffffffff  __TI_prof_data_start          
ffffffff  __binit__                     
ffffffff  __c_args__                    
ffffffff  binit                         
UNDEFED   __mpu_init                    
UNDEFED   _system_post_cinit            

[95 symbols]
